Current Date and Time: Sat Jun 21 15:50:35 EEST 2025

Hello from LLM-DD system!

First 5 files in current directory:
1. CLAUDE.md
2. Makefile
3. PROJECT_STRUCTURE.md
4. README.md
5. assets/